Command line invocation:
    /Applications/Xcode.app/Contents/Developer/usr/bin/xcodebuild -scheme EssentialFeed -destination "platform=iOS Simulator,name=iPhone 16 Pro,OS=18.4" test

