Command line invocation:
    /Applications/Xcode.app/Contents/Developer/usr/bin/xcodebuild test -scheme EssentialFeed -destination "platform=iOS Simulator,name=iPhone 16 Pro,OS=18.4" "-only-testing:EssentialFeedTests/SecureStorageTests" "-only-testing:EssentialFeedTests/KeychainSecureStorageTests" "-only-testing:EssentialFeedTests/SystemKeychainTests" "-only-testing:EssentialFeedTests/SystemKeychainIntegrationCoverageTests"

